// Vitest Snapshot v1, https://vitest.dev/guide/snapshot.html

exports[`Header > matches snapshot 1`] = `
<header
  class="safe-pt flex items-center justify-between gap-3 border-b px-4 py-3 backdrop-blur-xl border-border/60 bg-background/70"
  data-slot="conus-header"
  data-surface="default"
>
  <div
    class="flex min-w-0 items-center gap-3"
  >
    <div
      class="min-w-0"
    >
      <p
        class="truncate font-heading text-[0.95rem] uppercase tracking-[0.18em] text-muted-foreground"
      >
        ConusAI
      </p>
      <h1
        class="truncate text-base font-semibold"
      >
        Operations
      </h1>
    </div>
  </div>
</header>
`;
